flutter : lib/screens/m
entor/meeting_managemen
t_screen.dart:327:79: 
Error: The method 
'scheduleMeeting' 
isn't defined for the 
type 'MentorProvider'.
At line:1 char:1
+ flutter build bundle 
> build_output.txt 2>&1
+ ~~~~~~~~~~~~~~~~~~~~~
~~~~~~~~~~~~~~~~~~~~~~~
    + CategoryInfo     
         : NotSpecifi  
  ed: (lib/screens/m   
 en...entorProvider    
'.:String) [], Rem    
oteException
    + FullyQualifiedEr 
   rorId : NativeComm  
  andError
 
 - 'MentorProvider' is 
from 'package:cse_mento
rship_app/providers/men
tor_provider.dart' ('li
b/providers/mentor_prov
ider.dart').
Try correcting the 
name to the name of an 
existing method, or 
defining a method 
named 
'scheduleMeeting'.
                    
await Provider.of<Mento
rProvider>(context, 
listen: false).schedule
Meeting(meeting);
                       
                       
                       
         
^^^^^^^^^^^^^^^
Target kernel_snapshot_
program failed: 
Exception
#0      
KernelSnapshot.build (p
ackage:flutter_tools/sr
c/build_system/targets/
common.dart:289:7)
<asynchronous 
suspension>
#1      _BuildInstance.
_invokeInternal (packag
e:flutter_tools/src/bui
ld_system/build_system.
dart:895:9)
<asynchronous 
suspension>
#2      
Future.wait.<anonymous 
closure> (dart:async/fu
ture.dart:546:21)
<asynchronous 
suspension>
#3      _BuildInstance.
invokeTarget (package:f
lutter_tools/src/build_
system/build_system.dar
t:833:32)
<asynchronous 
suspension>
#4      FlutterBuildSys
tem.build (package:flut
ter_tools/src/build_sys
tem/build_system.dart:6
53:16)
<asynchronous 
suspension>
#5      
BundleBuilder.build (pa
ckage:flutter_tools/src
/bundle_builder.dart:78
:32)
<asynchronous 
suspension>
#6      BuildBundleComm
and.runCommand (package
:flutter_tools/src/comm
ands/build_bundle.dart:
144:5)
<asynchronous 
suspension>
#7      FlutterCommand.
run.<anonymous 
closure> (package:flutt
er_tools/src/runner/flu
tter_command.dart:1559:
27)
<asynchronous 
suspension>
#8      AppContext.run.
<anonymous closure> (pa
ckage:flutter_tools/src
/base/context.dart:154:
19)
<asynchronous 
suspension>
#9      CommandRunner.r
unCommand (package:args
/command_runner.dart:21
2:13)
<asynchronous 
suspension>
#10     FlutterCommandR
unner.runCommand.<anony
mous closure> (package:
flutter_tools/src/runne
r/flutter_command_runne
r.dart:487:9)
<asynchronous 
suspension>
#11     AppContext.run.
<anonymous closure> (pa
ckage:flutter_tools/src
/base/context.dart:154:
19)
<asynchronous 
suspension>
#12     FlutterCommandR
unner.runCommand (packa
ge:flutter_tools/src/ru
nner/flutter_command_ru
nner.dart:422:5)
<asynchronous 
suspension>
#13     run.<anonymous 
closure>.<anonymous 
closure> (package:flutt
er_tools/runner.dart:10
4:11)
<asynchronous 
suspension>
#14     AppContext.run.
<anonymous closure> (pa
ckage:flutter_tools/src
/base/context.dart:154:
19)
<asynchronous 
suspension>
#15     main (package:f
lutter_tools/executable
.dart:103:3)
<asynchronous 
suspension>

Failed to build bundle.
